[{"stream_name":"stderr","time":6.833196065,"data":"0.00s - Debugger warning: It seems that frozen modules are being used, which may\n"}
,{"stream_name":"stderr","time":6.833246257,"data":"0.00s - make the debugger miss breakpoints. Please pass -Xfrozen_modules=off\n"}
,{"stream_name":"stderr","time":6.833253683,"data":"0.00s - to python to disable frozen modules.\n"}
,{"stream_name":"stderr","time":6.833258367,"data":"0.00s - Note: Debugging will proceed. Set PYDEVD_DISABLE_FILE_VALIDATION=1 to disable this validation.\n"}
,{"stream_name":"stderr","time":7.477545186,"data":"0.00s - Debugger warning: It seems that frozen modules are being used, which may\n"}
,{"stream_name":"stderr","time":7.47758258,"data":"0.00s - make the debugger miss breakpoints. Please pass -Xfrozen_modules=off\n"}
,{"stream_name":"stderr","time":7.477590676,"data":"0.00s - to python to disable frozen modules.\n"}
,{"stream_name":"stderr","time":7.477593694,"data":"0.00s - Note: Debugging will proceed. Set PYDEVD_DISABLE_FILE_VALIDATION=1 to disable this validation.\n"}
,{"stream_name":"stderr","time":8.58421676,"data":"Cloning into '/kaggle/working/Humanoid-Face-3D'...\n"}
,{"stream_name":"stdout","time":8.770308323,"data":"--- Setting Up Humanoid-Face-3D Workspace ---\n"}
,{"stream_name":"stderr","time":8.786717376,"data":"Cloning into '/kaggle/working/Humanoid-Face-3D'...\n"}
,{"stream_name":"stderr","time":8.786741329,"data":"\n"}
,{"stream_name":"stderr","time":8.786744803,"data":"Cloning into '/kaggle/working/Humanoid-Face-3D'...\n"}
,{"stream_name":"stderr","time":9.200455835,"data":"Submodule 'vendor/MICA' (https://github.com/Zielon/MICA) registered for path 'vendor/MICA'\n"}
,{"stream_name":"stderr","time":9.20801666,"data":"Cloning into '/kaggle/working/Humanoid-Face-3D/vendor/MICA'...\n"}
,{"stream_name":"stderr","time":9.402906599,"data":"Submodule 'vendor/MICA' (https://github.com/Zielon/MICA) registered for path 'vendor/MICA'\n"}
,{"stream_name":"stderr","time":9.402945591,"data":"Cloning into '/kaggle/working/Humanoid-Face-3D/vendor/MICA'...\n"}
,{"stream_name":"stderr","time":9.402949547,"data":"\n"}
,{"stream_name":"stderr","time":9.402952042999999,"data":"Submodule 'vendor/MICA' (https://github.com/Zielon/MICA) registered for path 'vendor/MICA'\n"}
,{"stream_name":"stderr","time":9.402954786,"data":"Cloning into '/kaggle/working/Humanoid-Face-3D/vendor/MICA'...\n"}
,{"stream_name":"stdout","time":10.330460635,"data":"Submodule path 'vendor/MICA': checked out 'af22e7a5810d474bc28a1433db533723d6bd2b07'\n"}
,{"stream_name":"stderr","time":10.507280007,"data":"From https://github.com/NetPranav/Humanoid-Face-3D\n"}
,{"stream_name":"stderr","time":10.507315927,"data":" * branch            main       -\u003e FETCH_HEAD\n"}
,{"stream_name":"stdout","time":10.531396996,"data":"HEAD is now at 0516ae3 fix: ensure src is on sys.path and PYTHONPATH in Phase 3 Detail GAN trainer\n"}
,{"stream_name":"stdout","time":10.532716755,"data":"Submodule path 'vendor/MICA': checked out 'af22e7a5810d474bc28a1433db533723d6bd2b07'\n"}
,{"stream_name":"stdout","time":10.593713138,"data":"HEAD is now at 0516ae3 fix: ensure src is on sys.path and PYTHONPATH in Phase 3 Detail GAN trainer\n"}
,{"stream_name":"stdout","time":10.593749983,"data":"Active working directory: /kaggle/working/Humanoid-Face-3D\n"}
,{"stream_name":"stderr","time":10.594957158,"data":"From https://github.com/NetPranav/Humanoid-Face-3D\n"}
,{"stream_name":"stderr","time":10.59498206,"data":" * branch            main       -\u003e FETCH_HEAD\n"}
,{"stream_name":"stderr","time":10.594987631,"data":"\n"}
,{"stream_name":"stderr","time":10.594991876,"data":"From https://github.com/NetPranav/Humanoid-Face-3D\n"}
,{"stream_name":"stderr","time":10.595010094,"data":" * branch            main       -\u003e FETCH_HEAD\n"}
,{"stream_name":"stdout","time":13.02067508,"data":"   ━━━━━━━━━━━━━━━━━━━━━━━━━━━━━━━━━━━━━━━━ 750.0/750.0 kB 32.9 MB/s eta 0:00:00\n"}
,{"stream_name":"stdout","time":13.22322781,"data":"   ━━━━━━━━━━━━━━━━━━━━━━━━━━━━━━━━━━━━━━━━ 750.0/750.0 kB 32.9 MB/s eta 0:00:00\n"}
,{"stream_name":"stdout","time":20.373910671,"data":"PyTorch Version: 2.10.0+cu128 | CUDA Available: True\n"}
,{"stream_name":"stdout","time":20.373971661,"data":"Detected 2 GPU(s) for training:\n"}
,{"stream_name":"stdout","time":20.373978423,"data":"  [GPU 0] Tesla T4 | Memory: 15.64 GB\n"}
,{"stream_name":"stdout","time":20.373982434,"data":"  [GPU 1] Tesla T4 | Memory: 15.64 GB\n"}
,{"stream_name":"stdout","time":20.530630751,"data":"--- Locating / Preparing UV Displacement Dataset ---\n"}
,{"stream_name":"stdout","time":20.877552913,"data":"Found mounted preprocessed dataset at: /kaggle/input/notebooks/nightshowdown/phase-2-5-geometry-preprocessing-1024/uv_displacement_dataset_1024\n"}
,{"stream_name":"stdout","time":20.877599339,"data":"Verified dataset at /kaggle/input/notebooks/nightshowdown/phase-2-5-geometry-preprocessing-1024/uv_displacement_dataset_1024 containing 20 displacement maps.\n"}
,{"stream_name":"stdout","time":20.877623361,"data":"Loaded normalization stats: p99 = 1.1464593410491943 mm, resolution = 1024\n"}
,{"stream_name":"stdout","time":21.075115952,"data":"--- Launching Detail GAN Training ---\n"}
,{"stream_name":"stdout","time":21.075166852,"data":"Command: torchrun --nproc_per_node=2 src/stage3_detail/trainer.py --data_dir /kaggle/input/notebooks/nightshowdown/phase-2-5-geometry-preprocessing-1024/uv_displacement_dataset_1024 --checkpoint_dir checkpoints/stage3_detail --resolution 512 --checkpoint_every 250 --total_steps 1500 --batch_size 4\n"}
,{"stream_name":"stderr","time":23.061656201,"data":"W0921 05:37:21.682000 164 torch/distributed/run.py:852] \n"}
,{"stream_name":"stderr","time":23.06169071,"data":"W0921 05:37:21.682000 164 torch/distributed/run.py:852] *****************************************\n"}
,{"stream_name":"stderr","time":23.061695074,"data":"W0921 05:37:21.682000 164 torch/distributed/run.py:852] Setting OMP_NUM_THREADS environment variable for each process to be 1 in default, to avoid your system being overloaded, please further tune the variable for optimal performance in your application as needed. \n"}
,{"stream_name":"stderr","time":23.06169929,"data":"W0921 05:37:21.682000 164 torch/distributed/run.py:852] *****************************************\n"}
,{"stream_name":"stderr","time":23.264467742,"data":"W0921 05:37:21.682000 164 torch/distributed/run.py:852] \n"}
,{"stream_name":"stderr","time":23.264503495,"data":"W0921 05:37:21.682000 164 torch/distributed/run.py:852] *****************************************\n"}
,{"stream_name":"stderr","time":23.264510034,"data":"W0921 05:37:21.682000 164 torch/distributed/run.py:852] Setting OMP_NUM_THREADS environment variable for each process to be 1 in default, to avoid your system being overloaded, please further tune the variable for optimal performance in your application as needed. \n"}
,{"stream_name":"stderr","time":23.264515922,"data":"W0921 05:37:21.682000 164 torch/distributed/run.py:852] *****************************************\n"}
,{"stream_name":"stderr","time":23.26452077,"data":"\n"}
,{"stream_name":"stderr","time":23.264524931,"data":"W0921 05:37:21.682000 164 torch/distributed/run.py:852] \n"}
,{"stream_name":"stderr","time":23.264529076,"data":"W0921 05:37:21.682000 164 torch/distributed/run.py:852] *****************************************\n"}
,{"stream_name":"stderr","time":23.264546633,"data":"W0921 05:37:21.682000 164 torch/distributed/run.py:852] Setting OMP_NUM_THREADS environment variable for each process to be 1 in default, to avoid your system being overloaded, please further tune the variable for optimal performance in your application as needed. \n"}
,{"stream_name":"stderr","time":23.26455167,"data":"W0921 05:37:21.682000 164 torch/distributed/run.py:852] *****************************************\n"}
,{"stream_name":"stdout","time":35.421586729,"data":"Step 000001/1500 | D Loss: 1.3845 (R:71.8% F:41.4%) | G Loss: 33.4670 (Adv: 0.8007, Recon: 0.3267, λ: 100.0) | Disp Std: 0.2406\n"}
,{"stream_name":"stdout","time":35.624488082,"data":"Step 000001/1500 | D Loss: 1.3845 (R:71.8% F:41.4%) | G Loss: 33.4670 (Adv: 0.8007, Recon: 0.3267, λ: 100.0) | Disp Std: 0.2406\n"}
,{"stream_name":"stdout","time":85.92973387,"data":"Step 000100/1500 | D Loss: 1.3884 (R:0.0% F:100.0%) | G Loss: 11.3917 (Adv: 0.7401, Recon: 0.1067, λ: 99.8) | Disp Std: 0.2294\n"}
,{"stream_name":"stdout","time":86.136403414,"data":"Step 000100/1500 | D Loss: 1.3884 (R:0.0% F:100.0%) | G Loss: 11.3917 (Adv: 0.7401, Recon: 0.1067, λ: 99.8) | Disp Std: 0.2294\n"}
,{"stream_name":"stdout","time":138.418525449,"data":"Step 000200/1500 | D Loss: 1.3863 (R:0.0% F:99.9%) | G Loss: 9.4249 (Adv: 0.7310, Recon: 0.0873, λ: 99.6) | Disp Std: 0.2322\n"}
,{"stream_name":"stdout","time":138.627872145,"data":"Step 000200/1500 | D Loss: 1.3863 (R:0.0% F:99.9%) | G Loss: 9.4249 (Adv: 0.7310, Recon: 0.0873, λ: 99.6) | Disp Std: 0.2322\n"}
,{"stream_name":"stdout","time":166.40825773,"data":"--\u003e Checkpoint saved at step 000250 (latest \u0026 ema_generator retained, older step files pruned)\n"}
,{"stream_name":"stdout","time":166.611105502,"data":"--\u003e Checkpoint saved at step 000250 (latest \u0026 ema_generator retained, older step files pruned)\n"}
,{"stream_name":"stdout","time":192.711809721,"data":"Step 000300/1500 | D Loss: 1.3854 (R:0.1% F:99.9%) | G Loss: 9.1496 (Adv: 0.7208, Recon: 0.0847, λ: 99.5) | Disp Std: 0.2324\n"}
,{"stream_name":"stdout","time":192.92008446,"data":"Step 000300/1500 | D Loss: 1.3854 (R:0.1% F:99.9%) | G Loss: 9.1496 (Adv: 0.7208, Recon: 0.0847, λ: 99.5) | Disp Std: 0.2324\n"}
,{"stream_name":"stdout","time":247.44399416,"data":"Step 000400/1500 | D Loss: 1.3846 (R:2.0% F:96.8%) | G Loss: 8.1879 (Adv: 0.7096, Recon: 0.0753, λ: 99.3) | Disp Std: 0.2357\n"}
,{"stream_name":"stdout","time":247.650682268,"data":"Step 000400/1500 | D Loss: 1.3846 (R:2.0% F:96.8%) | G Loss: 8.1879 (Adv: 0.7096, Recon: 0.0753, λ: 99.3) | Disp Std: 0.2357\n"}
,{"stream_name":"stdout","time":300.785992215,"data":"Step 000500/1500 | D Loss: 1.3847 (R:9.8% F:91.0%) | G Loss: 7.2644 (Adv: 0.6997, Recon: 0.0662, λ: 99.1) | Disp Std: 0.2246\n"}
,{"stream_name":"stdout","time":300.993875745,"data":"Step 000500/1500 | D Loss: 1.3847 (R:9.8% F:91.0%) | G Loss: 7.2644 (Adv: 0.6997, Recon: 0.0662, λ: 99.1) | Disp Std: 0.2246\n"}
,{"stream_name":"stdout","time":301.638883112,"data":"--\u003e Checkpoint saved at step 000500 (latest \u0026 ema_generator retained, older step files pruned)\n"}
,{"stream_name":"stdout","time":301.842319285,"data":"--\u003e Checkpoint saved at step 000500 (latest \u0026 ema_generator retained, older step files pruned)\n"}
,{"stream_name":"stdout","time":355.345786034,"data":"Step 000600/1500 | D Loss: 1.3846 (R:78.2% F:27.5%) | G Loss: 7.1192 (Adv: 0.6935, Recon: 0.0650, λ: 98.9) | Disp Std: 0.2437\n"}
,{"stream_name":"stdout","time":355.558950476,"data":"Step 000600/1500 | D Loss: 1.3846 (R:78.2% F:27.5%) | G Loss: 7.1192 (Adv: 0.6935, Recon: 0.0650, λ: 98.9) | Disp Std: 0.2437\n"}
,{"stream_name":"stdout","time":410.000266792,"data":"Step 000700/1500 | D Loss: 1.3845 (R:97.0% F:10.2%) | G Loss: 6.7561 (Adv: 0.6885, Recon: 0.0615, λ: 98.7) | Disp Std: 0.2300\n"}
,{"stream_name":"stdout","time":410.207859292,"data":"Step 000700/1500 | D Loss: 1.3845 (R:97.0% F:10.2%) | G Loss: 6.7561 (Adv: 0.6885, Recon: 0.0615, λ: 98.7) | Disp Std: 0.2300\n"}
,{"stream_name":"stdout","time":437.281670049,"data":"--\u003e Checkpoint saved at step 000750 (latest \u0026 ema_generator retained, older step files pruned)\n"}
,{"stream_name":"stdout","time":437.485715481,"data":"--\u003e Checkpoint saved at step 000750 (latest \u0026 ema_generator retained, older step files pruned)\n"}
,{"stream_name":"stdout","time":465.088413739,"data":"Step 000800/1500 | D Loss: 1.3854 (R:96.3% F:8.9%) | G Loss: 6.2248 (Adv: 0.6876, Recon: 0.0562, λ: 98.6) | Disp Std: 0.2295\n"}
,{"stream_name":"stdout","time":465.299070771,"data":"Step 000800/1500 | D Loss: 1.3854 (R:96.3% F:8.9%) | G Loss: 6.2248 (Adv: 0.6876, Recon: 0.0562, λ: 98.6) | Disp Std: 0.2295\n"}
,{"stream_name":"stdout","time":518.792868816,"data":"Step 000900/1500 | D Loss: 1.3857 (R:96.4% F:8.9%) | G Loss: 6.0956 (Adv: 0.6900, Recon: 0.0549, λ: 98.4) | Disp Std: 0.2312\n"}
,{"stream_name":"stdout","time":519.000354048,"data":"Step 000900/1500 | D Loss: 1.3857 (R:96.4% F:8.9%) | G Loss: 6.0956 (Adv: 0.6900, Recon: 0.0549, λ: 98.4) | Disp Std: 0.2312\n"}
,{"stream_name":"stdout","time":573.537968381,"data":"Step 001000/1500 | D Loss: 1.3862 (R:87.5% F:17.6%) | G Loss: 6.7238 (Adv: 0.6913, Recon: 0.0614, λ: 98.2) | Disp Std: 0.2235\n"}
,{"stream_name":"stdout","time":573.74620813,"data":"Step 001000/1500 | D Loss: 1.3862 (R:87.5% F:17.6%) | G Loss: 6.7238 (Adv: 0.6913, Recon: 0.0614, λ: 98.2) | Disp Std: 0.2235\n"}
,{"stream_name":"stdout","time":574.392298096,"data":"--\u003e Checkpoint saved at step 001000 (latest \u0026 ema_generator retained, older step files pruned)\n"}
,{"stream_name":"stdout","time":574.594689245,"data":"--\u003e Checkpoint saved at step 001000 (latest \u0026 ema_generator retained, older step files pruned)\n"}
,{"stream_name":"stdout","time":628.132984375,"data":"Step 001100/1500 | D Loss: 1.3861 (R:81.1% F:23.9%) | G Loss: 5.5864 (Adv: 0.6927, Recon: 0.0499, λ: 98.0) | Disp Std: 0.2278\n"}
,{"stream_name":"stdout","time":628.344718962,"data":"Step 001100/1500 | D Loss: 1.3861 (R:81.1% F:23.9%) | G Loss: 5.5864 (Adv: 0.6927, Recon: 0.0499, λ: 98.0) | Disp Std: 0.2278\n"}
,{"stream_name":"stdout","time":681.600962221,"data":"Step 001200/1500 | D Loss: 1.3862 (R:83.2% F:21.1%) | G Loss: 5.1282 (Adv: 0.6937, Recon: 0.0453, λ: 97.8) | Disp Std: 0.2162\n"}
,{"stream_name":"stdout","time":681.811229804,"data":"Step 001200/1500 | D Loss: 1.3862 (R:83.2% F:21.1%) | G Loss: 5.1282 (Adv: 0.6937, Recon: 0.0453, λ: 97.8) | Disp Std: 0.2162\n"}
,{"stream_name":"stdout","time":710.134559732,"data":"--\u003e Checkpoint saved at step 001250 (latest \u0026 ema_generator retained, older step files pruned)\n"}
,{"stream_name":"stdout","time":710.339482278,"data":"--\u003e Checkpoint saved at step 001250 (latest \u0026 ema_generator retained, older step files pruned)\n"}
,{"stream_name":"stdout","time":737.129162924,"data":"Step 001300/1500 | D Loss: 1.3861 (R:54.2% F:48.6%) | G Loss: 5.6711 (Adv: 0.6935, Recon: 0.0510, λ: 97.7) | Disp Std: 0.2330\n"}
,{"stream_name":"stdout","time":737.336473947,"data":"Step 001300/1500 | D Loss: 1.3861 (R:54.2% F:48.6%) | G Loss: 5.6711 (Adv: 0.6935, Recon: 0.0510, λ: 97.7) | Disp Std: 0.2330\n"}
,{"stream_name":"stdout","time":790.990986347,"data":"Step 001400/1500 | D Loss: 1.3863 (R:66.9% F:35.4%) | G Loss: 5.0498 (Adv: 0.6931, Recon: 0.0447, λ: 97.5) | Disp Std: 0.2115\n"}
,{"stream_name":"stdout","time":791.208322173,"data":"Step 001400/1500 | D Loss: 1.3863 (R:66.9% F:35.4%) | G Loss: 5.0498 (Adv: 0.6931, Recon: 0.0447, λ: 97.5) | Disp Std: 0.2115\n"}
,{"stream_name":"stdout","time":844.511204727,"data":"Step 001500/1500 | D Loss: 1.3863 (R:25.5% F:55.8%) | G Loss: 4.9671 (Adv: 0.6932, Recon: 0.0439, λ: 97.3) | Disp Std: 0.2440\n"}
,{"stream_name":"stdout","time":844.722887638,"data":"Step 001500/1500 | D Loss: 1.3863 (R:25.5% F:55.8%) | G Loss: 4.9671 (Adv: 0.6932, Recon: 0.0439, λ: 97.3) | Disp Std: 0.2440\n"}
,{"stream_name":"stdout","time":845.398399589,"data":"--\u003e Checkpoint saved at step 001500 (latest \u0026 ema_generator retained, older step files pruned)\n"}
,{"stream_name":"stdout","time":845.600576707,"data":"--\u003e Checkpoint saved at step 001500 (latest \u0026 ema_generator retained, older step files pruned)\n"}
,{"stream_name":"stderr","time":846.001036709,"data":"[rank0]:[W921 05:51:04.784866293 ProcessGroupNCCL.cpp:1553] Warning: WARNING: destroy_process_group() was not called before program exit, which can leak resources. For more info, please see https://pytorch.org/docs/stable/distributed.html#shutdown (function operator())\n"}
,{"stream_name":"stderr","time":846.204031009,"data":"[rank0]:[W921 05:51:04.784866293 ProcessGroupNCCL.cpp:1553] Warning: WARNING: destroy_process_group() was not called before program exit, which can leak resources. For more info, please see https://pytorch.org/docs/stable/distributed.html#shutdown (function operator())\n"}
,{"stream_name":"stderr","time":846.204068604,"data":"\n"}
,{"stream_name":"stderr","time":846.20407525,"data":"[rank0]:[W921 05:51:04.784866293 ProcessGroupNCCL.cpp:1553] Warning: WARNING: destroy_process_group() was not called before program exit, which can leak resources. For more info, please see https://pytorch.org/docs/stable/distributed.html#shutdown (function operator())\n"}
,{"stream_name":"stdout","time":848.397039393,"data":"Training execution completed successfully.\n"}
,{"stream_name":"stdout","time":848.598481506,"data":"\n"}
,{"stream_name":"stdout","time":848.59855195,"data":"--- Phase 3 Detail GAN Evaluation \u0026 Diversity Gate ---\n"}
,{"stream_name":"stdout","time":849.963086493,"data":"Output Shape:             torch.Size([3, 1, 512, 512])\n"}
,{"stream_name":"stdout","time":849.963126175,"data":"Displacement Range:       [-0.9705, 0.9918]\n"}
,{"stream_name":"stdout","time":849.963132945,"data":"Batch Standard Deviation: 0.2373 (Required Gate: \u003e 0.010)\n"}
,{"stream_name":"stdout","time":849.963139186,"data":"GATE 1 PASSED: Detail generator produces diverse spatial micro-displacements with zero mode collapse.\n"}
,{"stream_name":"stdout","time":850.949177813,"data":"Saved validation comparison preview to: checkpoints/stage3_detail/validation_preview.png\n"}
,{"stream_name":"stdout","time":851.150294697,"data":"\n"}
,{"stream_name":"stdout","time":851.150323624,"data":"--- Packaging Trained Detail GAN Model \u0026 Checkpoints ---\n"}
,{"stream_name":"stdout","time":854.110873751,"data":"  Archived: generator_step_001250.pt (53.84 MB)\n"}
,{"stream_name":"stdout","time":856.995428528,"data":"  Archived: ema_generator.pt (53.84 MB)\n"}
,{"stream_name":"stdout","time":877.851989563,"data":"  Archived: checkpoint_latest.pt (248.58 MB)\n"}
,{"stream_name":"stdout","time":880.747894302,"data":"  Archived: generator_step_001500.pt (53.84 MB)\n"}
,{"stream_name":"stdout","time":880.747934276,"data":"  Archived: validation_preview.png (0.51 MB)\n"}
,{"stream_name":"stdout","time":880.747939378,"data":"  Archived: normalization_stats.json (0.00 MB)\n"}
,{"stream_name":"stdout","time":883.492499672,"data":"  Archived: generator_latest.pt (53.84 MB)\n"}
,{"stream_name":"stdout","time":883.49255681,"data":"\n"}
,{"stream_name":"stdout","time":883.492564995,"data":"All assets successfully packaged to: /kaggle/working/detail_gan_assets.tar.gz (408.91 MB).\n"}
,{"stream_name":"stderr","time":887.282968618,"data":"/usr/local/lib/python3.12/dist-packages/mistune.py:435: SyntaxWarning: invalid escape sequence '\\|'\n"}
,{"stream_name":"stderr","time":887.28301037,"data":"  cells[i][c] = re.sub('\\\\\\\\\\|', '|', cell)\n"}
,{"stream_name":"stderr","time":887.451505506,"data":"/usr/local/lib/python3.12/dist-packages/nbconvert/filters/filter_links.py:36: SyntaxWarning: invalid escape sequence '\\_'\n"}
,{"stream_name":"stderr","time":887.451539622,"data":"  text = re.sub(r'_', '\\_', text) # Escape underscores in display text\n"}
,{"stream_name":"stderr","time":888.100631074,"data":"[NbConvertApp] Converting notebook __notebook__.ipynb to notebook\n"}
,{"stream_name":"stderr","time":888.451926218,"data":"[NbConvertApp] Writing 24689 bytes to __notebook__.ipynb\n"}
,{"stream_name":"stderr","time":891.172961345,"data":"[NbConvertApp] Converting notebook __notebook__.ipynb to html\n"}
,{"stream_name":"stderr","time":892.358836185,"data":"[NbConvertApp] Writing 330627 bytes to __results__.html\n"}
]